{chunk_no,dest_instance_id,source_instance_id} val
     x     y
0  -10 -10.0
1   -9   NaN
2   -8  -8.0
3   -7   NaN
4   -6  -6.0
5   -5   NaN
6   -4  -4.0
7   -3   NaN
8   -2  -2.0
9   -1   NaN
10   0   0.0
11   1   NaN
12   2   2.0
13   3   NaN
14   4   4.0
15   5   NaN
16   6   6.0
17   7   NaN
18   8   8.0
19   9   NaN
20  10  10.0
{chunk_no,dest_instance_id,source_instance_id} val
   x      y
   1    NaN
   2    2.0
   3    NaN
   4    4.0
   5    NaN
   6    6.0
   7    NaN
   8    8.0
   9    NaN
  10   10.0
  11    NaN
  12   12.0
  13    NaN
  14   14.0
  15    NaN
  16   16.0
  17    NaN
  18   18.0
  19    NaN
  20   20.0
  21    NaN
  22   22.0
  23    NaN
  24   24.0
  25    NaN
  26   26.0
  27    NaN
  28   28.0
  29    NaN
  30   30.0
  31    NaN
  32   32.0
  33    NaN
  34   34.0
  35    NaN
  36   36.0
  37    NaN
  38   38.0
  39    NaN
  40   40.0
  41    NaN
  42   42.0
  43    NaN
  44   44.0
  45    NaN
  46   46.0
  47    NaN
  48   48.0
  49    NaN
  50   50.0
  51    NaN
  52   52.0
  53    NaN
  54   54.0
  55    NaN
  56   56.0
  57    NaN
  58   58.0
  59    NaN
  60   60.0
  61    NaN
  62   62.0
  63    NaN
  64   64.0
  65    NaN
  66   66.0
  67    NaN
  68   68.0
  69    NaN
  70   70.0
  71    NaN
  72   72.0
  73    NaN
  74   74.0
  75    NaN
  76   76.0
  77    NaN
  78   78.0
  79    NaN
  80   80.0
  81    NaN
  82   82.0
  83    NaN
  84   84.0
  85    NaN
  86   86.0
  87    NaN
  88   88.0
  89    NaN
  90   90.0
  91    NaN
  92   92.0
  93    NaN
  94   94.0
  95    NaN
  96   96.0
  97    NaN
  98   98.0
  99    NaN
 100  100.0
{chunk_no,dest_instance_id,source_instance_id} val
      x       y
 b'bin'    None
 b'bin'  b'bin'
 b'bin'    None
 b'bin'  b'bin'
 b'bin'    None
 b'bin'  b'bin'
 b'bin'    None
 b'bin'  b'bin'
 b'bin'    None
 b'bin'  b'bin'
 b'bin'    None
 b'bin'  b'bin'
 b'bin'    None
 b'bin'  b'bin'
 b'bin'    None
 b'bin'  b'bin'
 b'bin'    None
 b'bin'  b'bin'
 b'bin'    None
 b'bin'  b'bin'
{chunk_no,dest_instance_id,source_instance_id} val
    x     y
 True  None
 True  True
 True  None
 True  True
 True  None
 True  True
 True  None
 True  True
 True  None
 True  True
 True  None
 True  True
 True  None
 True  True
 True  None
 True  True
 True  None
 True  True
 True  None
 True  True
{chunk_no,dest_instance_id,source_instance_id} val
 x     y
 1  None
 2     2
 3  None
 4     4
 5  None
 6     6
 7  None
 8     8
 9  None
 :     :
 ;  None
 <     <
 =  None
 >     >
 ?  None
 @     @
 A  None
 B     B
 C  None
 D     D
{chunk_no,dest_instance_id,source_instance_id} val
                  x                   y
1970-01-01 00:00:01                 NaT
1970-01-01 00:00:02 1970-01-01 00:00:02
1970-01-01 00:00:03                 NaT
1970-01-01 00:00:04 1970-01-01 00:00:04
1970-01-01 00:00:05                 NaT
1970-01-01 00:00:06 1970-01-01 00:00:06
1970-01-01 00:00:07                 NaT
1970-01-01 00:00:08 1970-01-01 00:00:08
1970-01-01 00:00:09                 NaT
1970-01-01 00:00:10 1970-01-01 00:00:10
1970-01-01 00:00:11                 NaT
1970-01-01 00:00:12 1970-01-01 00:00:12
1970-01-01 00:00:13                 NaT
1970-01-01 00:00:14 1970-01-01 00:00:14
1970-01-01 00:00:15                 NaT
1970-01-01 00:00:16 1970-01-01 00:00:16
1970-01-01 00:00:17                 NaT
1970-01-01 00:00:18 1970-01-01 00:00:18
1970-01-01 00:00:19                 NaT
1970-01-01 00:00:20 1970-01-01 00:00:20
{chunk_no,dest_instance_id,source_instance_id} val
x     y
 1.0   NaN
 2.0   2.0
 3.0   NaN
 4.0   4.0
 5.0   NaN
 6.0   6.0
 7.0   NaN
 8.0   8.0
 9.0   NaN
10.0  10.0
11.0   NaN
12.0  12.0
13.0   NaN
14.0  14.0
15.0   NaN
16.0  16.0
17.0   NaN
18.0  18.0
19.0   NaN
20.0  20.0
{chunk_no,dest_instance_id,source_instance_id} val
x     y
 1.0   NaN
 2.0   2.0
 3.0   NaN
 4.0   4.0
 5.0   NaN
 6.0   6.0
 7.0   NaN
 8.0   8.0
 9.0   NaN
10.0  10.0
11.0   NaN
12.0  12.0
13.0   NaN
14.0  14.0
15.0   NaN
16.0  16.0
17.0   NaN
18.0  18.0
19.0   NaN
20.0  20.0
{chunk_no,dest_instance_id,source_instance_id} val
x     y
 1   NaN
 2   2.0
 3   NaN
 4   4.0
 5   NaN
 6   6.0
 7   NaN
 8   8.0
 9   NaN
10  10.0
11   NaN
12  12.0
13   NaN
14  14.0
15   NaN
16  16.0
17   NaN
18  18.0
19   NaN
20  20.0
{chunk_no,dest_instance_id,source_instance_id} val
x     y
 1   NaN
 2   2.0
 3   NaN
 4   4.0
 5   NaN
 6   6.0
 7   NaN
 8   8.0
 9   NaN
10  10.0
11   NaN
12  12.0
13   NaN
14  14.0
15   NaN
16  16.0
17   NaN
18  18.0
19   NaN
20  20.0
{chunk_no,dest_instance_id,source_instance_id} val
x     y
 1   NaN
 2   2.0
 3   NaN
 4   4.0
 5   NaN
 6   6.0
 7   NaN
 8   8.0
 9   NaN
10  10.0
11   NaN
12  12.0
13   NaN
14  14.0
15   NaN
16  16.0
17   NaN
18  18.0
19   NaN
20  20.0
{chunk_no,dest_instance_id,source_instance_id} val
x     y
 1   NaN
 2   2.0
 3   NaN
 4   4.0
 5   NaN
 6   6.0
 7   NaN
 8   8.0
 9   NaN
10  10.0
11   NaN
12  12.0
13   NaN
14  14.0
15   NaN
16  16.0
17   NaN
18  18.0
19   NaN
20  20.0
{chunk_no,dest_instance_id,source_instance_id} val
x     y
 1  None
10    10
11  None
12    12
13  None
14    14
15  None
16    16
17  None
18    18
19  None
 2     2
20    20
 3  None
 4     4
 5  None
 6     6
 7  None
 8     8
 9  None
{chunk_no,dest_instance_id,source_instance_id} val
x     y
 1   NaN
 2   2.0
 3   NaN
 4   4.0
 5   NaN
 6   6.0
 7   NaN
 8   8.0
 9   NaN
10  10.0
11   NaN
12  12.0
13   NaN
14  14.0
15   NaN
16  16.0
17   NaN
18  18.0
19   NaN
20  20.0
{chunk_no,dest_instance_id,source_instance_id} val
x     y
 1   NaN
 2   2.0
 3   NaN
 4   4.0
 5   NaN
 6   6.0
 7   NaN
 8   8.0
 9   NaN
10  10.0
11   NaN
12  12.0
13   NaN
14  14.0
15   NaN
16  16.0
17   NaN
18  18.0
19   NaN
20  20.0
{chunk_no,dest_instance_id,source_instance_id} val
x     y
 1   NaN
 2   2.0
 3   NaN
 4   4.0
 5   NaN
 6   6.0
 7   NaN
 8   8.0
 9   NaN
10  10.0
11   NaN
12  12.0
13   NaN
14  14.0
15   NaN
16  16.0
17   NaN
18  18.0
19   NaN
20  20.0
{chunk_no,dest_instance_id,source_instance_id} val
x     y
 1   NaN
 2   2.0
 3   NaN
 4   4.0
 5   NaN
 6   6.0
 7   NaN
 8   8.0
 9   NaN
10  10.0
11   NaN
12  12.0
13   NaN
14  14.0
15   NaN
16  16.0
17   NaN
18  18.0
19   NaN
20  20.0
{chunk_no,dest_instance_id,source_instance_id} val
x     y     z
 1   NaN  None
 2   2.0     2
 3   NaN  None
 4   4.0     4
 5   NaN  None
 6   6.0     6
 7   NaN  None
 8   8.0     8
 9   NaN  None
10  10.0    10
11   NaN  None
12  12.0    12
13   NaN  None
14  14.0    14
15   NaN  None
16  16.0    16
17   NaN  None
18  18.0    18
19   NaN  None
20  20.0    20
{chunk_no,dest_instance_id,source_instance_id} val
x
 1
 2
 3
 4
 5
15
16
17
18
19
20
{chunk_no,dest_instance_id,source_instance_id} val
{chunk_no,dest_instance_id,source_instance_id} val
{chunk_no,dest_instance_id,source_instance_id} val
Query was executed successfully
UserException in file: PhysicalAioSave.cpp function: attributes2ArrowSchema
Error id: scidb::SCIDB_SE_ARRAY_WRITER::SCIDB_LE_ILLEGAL_OPERATION
Error description: Error while saving array. Illegal operation: Type datetimetz not supported in arrow format.
UserException in file: src/query/FunctionLibrary.cpp function: _findConverter
Error id: scidb::SCIDB_SE_TYPE::SCIDB_LE_CANT_FIND_CONVERTER
Error description: Type error. Cannot find converter from type 'string' to 'bool'.
UserException in file: include/query/LogicalOperator.h function: addParameter
Error id: scidb::SCIDB_SE_SYNTAX::SCIDB_LE_DUPLICATE_KEYWORD_PARAM
Error description: Query syntax error. Keyword parameter 'atts_only' already given for operator 'aio_save'.
Query was executed successfully
{inst,attid} att,count,bytes,chunks,min_count,avg_count,max_count,min_bytes,avg_bytes,max_bytes
{0,0} 'all',3100000,74400720,12,100000,775000,1000000,48,6.20006e+06,16000060
{i} x,y
50 MB (52700000 B)
{chunk_no,dest_instance_id,source_instance_id} val
50 MB (52700000 B)
{chunk_no,dest_instance_id,source_instance_id} val
47 MB (49988456 B)
3100000
3100000
Query was executed successfully
Query was executed successfully
{inst,attid} att,count,bytes,chunks,min_count,avg_count,max_count,min_bytes,avg_bytes,max_bytes
{0,0} 'all',2700000,78919312,9,700000,900000,1000000,48,8.76881e+06,21500060
{i} x,y
50 MB (53268772 B)
{chunk_no,dest_instance_id,source_instance_id} val
50 MB (53268772 B)
{chunk_no,dest_instance_id,source_instance_id} val
47 MB (49557112 B)
2700000
2700000
Query was executed successfully
{chunk_no,dest_instance_id,source_instance_id} val
     x     y
0  -10 -10.0
1   -9   NaN
2   -8  -8.0
3   -7   NaN
4   -6  -6.0
5   -5   NaN
6   -4  -4.0
7   -3   NaN
8   -2  -2.0
9   -1   NaN
10   0   0.0
11   1   NaN
12   2   2.0
13   3   NaN
14   4   4.0
15   5   NaN
16   6   6.0
17   7   NaN
18   8   8.0
19   9   NaN
20  10  10.0
{chunk_no,dest_instance_id,source_instance_id} val
     x     y   i
0  -10 -10.0 -10
1   -9   NaN  -9
2   -8  -8.0  -8
3   -7   NaN  -7
4   -6  -6.0  -6
5   -5   NaN  -5
6   -4  -4.0  -4
7   -3   NaN  -3
8   -2  -2.0  -2
9   -1   NaN  -1
10   0   0.0   0
11   1   NaN   1
12   2   2.0   2
13   3   NaN   3
14   4   4.0   4
15   5   NaN   5
16   6   6.0   6
17   7   NaN   7
18   8   8.0   8
19   9   NaN   9
20  10  10.0  10
{chunk_no,dest_instance_id,source_instance_id} val
x      y
  1    NaN
  2    2.0
  3    NaN
  4    4.0
  5    NaN
  6    6.0
  7    NaN
  8    8.0
  9    NaN
 10   10.0
 11    NaN
 12   12.0
 13    NaN
 14   14.0
 15    NaN
 16   16.0
 17    NaN
 18   18.0
 19    NaN
 20   20.0
 21    NaN
 22   22.0
 23    NaN
 24   24.0
 25    NaN
 26   26.0
 27    NaN
 28   28.0
 29    NaN
 30   30.0
 31    NaN
 32   32.0
 33    NaN
 34   34.0
 35    NaN
 36   36.0
 37    NaN
 38   38.0
 39    NaN
 40   40.0
 41    NaN
 42   42.0
 43    NaN
 44   44.0
 45    NaN
 46   46.0
 47    NaN
 48   48.0
 49    NaN
 50   50.0
 51    NaN
 52   52.0
 53    NaN
 54   54.0
 55    NaN
 56   56.0
 57    NaN
 58   58.0
 59    NaN
 60   60.0
 61    NaN
 62   62.0
 63    NaN
 64   64.0
 65    NaN
 66   66.0
 67    NaN
 68   68.0
 69    NaN
 70   70.0
 71    NaN
 72   72.0
 73    NaN
 74   74.0
 75    NaN
 76   76.0
 77    NaN
 78   78.0
 79    NaN
 80   80.0
 81    NaN
 82   82.0
 83    NaN
 84   84.0
 85    NaN
 86   86.0
 87    NaN
 88   88.0
 89    NaN
 90   90.0
 91    NaN
 92   92.0
 93    NaN
 94   94.0
 95    NaN
 96   96.0
 97    NaN
 98   98.0
 99    NaN
100  100.0
{chunk_no,dest_instance_id,source_instance_id} val
x      y    i
  1    NaN    1
  2    2.0    2
  3    NaN    3
  4    4.0    4
  5    NaN    5
  6    6.0    6
  7    NaN    7
  8    8.0    8
  9    NaN    9
 10   10.0   10
 11    NaN   11
 12   12.0   12
 13    NaN   13
 14   14.0   14
 15    NaN   15
 16   16.0   16
 17    NaN   17
 18   18.0   18
 19    NaN   19
 20   20.0   20
 21    NaN   21
 22   22.0   22
 23    NaN   23
 24   24.0   24
 25    NaN   25
 26   26.0   26
 27    NaN   27
 28   28.0   28
 29    NaN   29
 30   30.0   30
 31    NaN   31
 32   32.0   32
 33    NaN   33
 34   34.0   34
 35    NaN   35
 36   36.0   36
 37    NaN   37
 38   38.0   38
 39    NaN   39
 40   40.0   40
 41    NaN   41
 42   42.0   42
 43    NaN   43
 44   44.0   44
 45    NaN   45
 46   46.0   46
 47    NaN   47
 48   48.0   48
 49    NaN   49
 50   50.0   50
 51    NaN   51
 52   52.0   52
 53    NaN   53
 54   54.0   54
 55    NaN   55
 56   56.0   56
 57    NaN   57
 58   58.0   58
 59    NaN   59
 60   60.0   60
 61    NaN   61
 62   62.0   62
 63    NaN   63
 64   64.0   64
 65    NaN   65
 66   66.0   66
 67    NaN   67
 68   68.0   68
 69    NaN   69
 70   70.0   70
 71    NaN   71
 72   72.0   72
 73    NaN   73
 74   74.0   74
 75    NaN   75
 76   76.0   76
 77    NaN   77
 78   78.0   78
 79    NaN   79
 80   80.0   80
 81    NaN   81
 82   82.0   82
 83    NaN   83
 84   84.0   84
 85    NaN   85
 86   86.0   86
 87    NaN   87
 88   88.0   88
 89    NaN   89
 90   90.0   90
 91    NaN   91
 92   92.0   92
 93    NaN   93
 94   94.0   94
 95    NaN   95
 96   96.0   96
 97    NaN   97
 98   98.0   98
 99    NaN   99
100  100.0  100
{chunk_no,dest_instance_id,source_instance_id} val
x                   y   i
1970-01-01 00:00:01                 NaT   1
1970-01-01 00:00:02 1970-01-01 00:00:02   2
1970-01-01 00:00:03                 NaT   3
1970-01-01 00:00:04 1970-01-01 00:00:04   4
1970-01-01 00:00:05                 NaT   5
1970-01-01 00:00:06 1970-01-01 00:00:06   6
1970-01-01 00:00:07                 NaT   7
1970-01-01 00:00:08 1970-01-01 00:00:08   8
1970-01-01 00:00:09                 NaT   9
1970-01-01 00:00:10 1970-01-01 00:00:10  10
1970-01-01 00:00:11                 NaT  11
1970-01-01 00:00:12 1970-01-01 00:00:12  12
1970-01-01 00:00:13                 NaT  13
1970-01-01 00:00:14 1970-01-01 00:00:14  14
1970-01-01 00:00:15                 NaT  15
1970-01-01 00:00:16 1970-01-01 00:00:16  16
1970-01-01 00:00:17                 NaT  17
1970-01-01 00:00:18 1970-01-01 00:00:18  18
1970-01-01 00:00:19                 NaT  19
1970-01-01 00:00:20 1970-01-01 00:00:20  20
{chunk_no,dest_instance_id,source_instance_id} val
x     y   i
 1.0   NaN   1
 2.0   2.0   2
 3.0   NaN   3
 4.0   4.0   4
 5.0   NaN   5
 6.0   6.0   6
 7.0   NaN   7
 8.0   8.0   8
 9.0   NaN   9
10.0  10.0  10
11.0   NaN  11
12.0  12.0  12
13.0   NaN  13
14.0  14.0  14
15.0   NaN  15
16.0  16.0  16
17.0   NaN  17
18.0  18.0  18
19.0   NaN  19
20.0  20.0  20
{chunk_no,dest_instance_id,source_instance_id} val
x     y   i
 1.0   NaN   1
 2.0   2.0   2
 3.0   NaN   3
 4.0   4.0   4
 5.0   NaN   5
 6.0   6.0   6
 7.0   NaN   7
 8.0   8.0   8
 9.0   NaN   9
10.0  10.0  10
11.0   NaN  11
12.0  12.0  12
13.0   NaN  13
14.0  14.0  14
15.0   NaN  15
16.0  16.0  16
17.0   NaN  17
18.0  18.0  18
19.0   NaN  19
20.0  20.0  20
{chunk_no,dest_instance_id,source_instance_id} val
x     y   i
 1   NaN   1
 2   2.0   2
 3   NaN   3
 4   4.0   4
 5   NaN   5
 6   6.0   6
 7   NaN   7
 8   8.0   8
 9   NaN   9
10  10.0  10
11   NaN  11
12  12.0  12
13   NaN  13
14  14.0  14
15   NaN  15
16  16.0  16
17   NaN  17
18  18.0  18
19   NaN  19
20  20.0  20
{chunk_no,dest_instance_id,source_instance_id} val
x     y   i
 1  None   1
10    10  10
11  None  11
12    12  12
13  None  13
14    14  14
15  None  15
16    16  16
17  None  17
18    18  18
19  None  19
 2     2   2
20    20  20
 3  None   3
 4     4   4
 5  None   5
 6     6   6
 7  None   7
 8     8   8
 9  None   9
{chunk_no,dest_instance_id,source_instance_id} val
x     y   i
 1   NaN   1
 2   2.0   2
 3   NaN   3
 4   4.0   4
 5   NaN   5
 6   6.0   6
 7   NaN   7
 8   8.0   8
 9   NaN   9
10  10.0  10
11   NaN  11
12  12.0  12
13   NaN  13
14  14.0  14
15   NaN  15
16  16.0  16
17   NaN  17
18  18.0  18
19   NaN  19
20  20.0  20
{chunk_no,dest_instance_id,source_instance_id} val
x    i
  2    2
  4    4
  6    6
  8    8
 10   10
 12   12
 14   14
 16   16
 18   18
 20   20
 22   22
 24   24
 26   26
 28   28
 30   30
 32   32
 34   34
 36   36
 38   38
 40   40
 42   42
 44   44
 46   46
 48   48
 50   50
 52   52
 54   54
 56   56
 58   58
 60   60
 62   62
 64   64
 66   66
 68   68
 70   70
 72   72
 74   74
 76   76
 78   78
 80   80
 82   82
 84   84
 86   86
 88   88
 90   90
 92   92
 94   94
 96   96
 98   98
100  100
